Form data requires "python-multipart" to be installed. 
You can install "python-multipart" with: 

pip install python-multipart

Traceback (most recent call last):
  File "<frozen runpy>", line 198, in _run_module_as_main
  File "<frozen runpy>", line 88, in _run_code
  File "D:\UmaDnDBot\.venv\Lib\site-packages\uvicorn\__main__.py", line 4, in <module>
    uvicorn.main()
    ~~~~~~~~~~~~^^
  File "D:\UmaDnDBot\.venv\Lib\site-packages\click\core.py", line 1514, in __call__
    return self.main(*args, **kwargs)
           ~~~~~~~~~^^^^^^^^^^^^^^^^^
  File "D:\UmaDnDBot\.venv\Lib\site-packages\click\core.py", line 1435, in main
    rv = self.invoke(ctx)
  File "D:\UmaDnDBot\.venv\Lib\site-packages\click\core.py", line 1298, in invoke
    return ctx.invoke(self.callback, **ctx.params)
           ~~~~~~~~~~^^^^^^^^^^^^^^^^^^^^^^^^^^^^^
  File "D:\UmaDnDBot\.venv\Lib\site-packages\click\core.py", line 853, in invoke
    return callback(*args, **kwargs)
  File "D:\UmaDnDBot\.venv\Lib\site-packages\uvicorn\main.py", line 441, in main
    run(
    ~~~^
        app,
        ^^^^
    ...<48 lines>...
        reset_contextvars=reset_contextvars,
        ^^^^^^^^^^^^^^^^^^^^^^^^^^^^^^^^^^^^
    )
    ^
  File "D:\UmaDnDBot\.venv\Lib\site-packages\uvicorn\main.py", line 617, in run
    server.run()
    ~~~~~~~~~~^^
  File "D:\UmaDnDBot\.venv\Lib\site-packages\uvicorn\server.py", line 75, in run
    return asyncio_run(self.serve(sockets=sockets), loop_factory=self.config.get_loop_factory())
  File "C:\Users\peemm_a8kwyjd\AppData\Local\Programs\Python\Python313\Lib\asyncio\runners.py", line 195, in run
    return runner.run(main)
           ~~~~~~~~~~^^^^^^
  File "C:\Users\peemm_a8kwyjd\AppData\Local\Programs\Python\Python313\Lib\asyncio\runners.py", line 118, in run
    return self._loop.run_until_complete(task)
           ~~~~~~~~~~~~~~~~~~~~~~~~~~~~~^^^^^^
  File "C:\Users\peemm_a8kwyjd\AppData\Local\Programs\Python\Python313\Lib\asyncio\base_events.py", line 725, in run_until_complete
    return future.result()
           ~~~~~~~~~~~~~^^
  File "D:\UmaDnDBot\.venv\Lib\site-packages\uvicorn\server.py", line 79, in serve
    await self._serve(sockets)
  File "D:\UmaDnDBot\.venv\Lib\site-packages\uvicorn\server.py", line 86, in _serve
    config.load()
    ~~~~~~~~~~~^^
  File "D:\UmaDnDBot\.venv\Lib\site-packages\uvicorn\config.py", line 449, in load
    self.loaded_app = import_from_string(self.app)
                      ~~~~~~~~~~~~~~~~~~^^^^^^^^^^
  File "D:\UmaDnDBot\.venv\Lib\site-packages\uvicorn\importer.py", line 19, in import_from_string
    module = importlib.import_module(module_str)
  File "C:\Users\peemm_a8kwyjd\AppData\Local\Programs\Python\Python313\Lib\importlib\__init__.py", line 88, in import_module
    return _bootstrap._gcd_import(name[level:], package, level)
           ~~~~~~~~~~~~~~~~~~~~~~^^^^^^^^^^^^^^^^^^^^^^^^^^^^^^
  File "<frozen importlib._bootstrap>", line 1387, in _gcd_import
  File "<frozen importlib._bootstrap>", line 1360, in _find_and_load
  File "<frozen importlib._bootstrap>", line 1331, in _find_and_load_unlocked
  File "<frozen importlib._bootstrap>", line 935, in _load_unlocked
  File "<frozen importlib._bootstrap_external>", line 1026, in exec_module
  File "<frozen importlib._bootstrap>", line 488, in _call_with_frames_removed
  File "D:\UmaDnDBot\api_server.py", line 84, in <module>
    @app.post("/player/{user_id}/profile-image")
     ~~~~~~~~^^^^^^^^^^^^^^^^^^^^^^^^^^^^^^^^^^^
  File "D:\UmaDnDBot\.venv\Lib\site-packages\fastapi\routing.py", line 1450, in decorator
    self.add_api_route(
    ~~~~~~~~~~~~~~~~~~^
        path,
        ^^^^^
    ...<23 lines>...
        generate_unique_id_function=generate_unique_id_function,
        ^^^^^^^^^^^^^^^^^^^^^^^^^^^^^^^^^^^^^^^^^^^^^^^^^^^^^^^^
    )
    ^
  File "D:\UmaDnDBot\.venv\Lib\site-packages\fastapi\routing.py", line 1386, in add_api_route
    route = route_class(
        self.prefix + path,
    ...<27 lines>...
        ),
    )
  File "D:\UmaDnDBot\.venv\Lib\site-packages\fastapi\routing.py", line 949, in __init__
    self.dependant = get_dependant(
                     ~~~~~~~~~~~~~^
        path=self.path_format, call=self.endpoint, scope="function"
        ^^^^^^^^^^^^^^^^^^^^^^^^^^^^^^^^^^^^^^^^^^^^^^^^^^^^^^^^^^^
    )
    ^
  File "D:\UmaDnDBot\.venv\Lib\site-packages\fastapi\dependencies\utils.py", line 311, in get_dependant
    param_details = analyze_param(
        param_name=param_name,
    ...<2 lines>...
        is_path_param=is_path_param,
    )
  File "D:\UmaDnDBot\.venv\Lib\site-packages\fastapi\dependencies\utils.py", line 535, in analyze_param
    ensure_multipart_is_installed()
    ~~~~~~~~~~~~~~~~~~~~~~~~~~~~~^^
  File "D:\UmaDnDBot\.venv\Lib\site-packages\fastapi\dependencies\utils.py", line 120, in ensure_multipart_is_installed
    raise RuntimeError(multipart_not_installed_error) from None
RuntimeError: Form data requires "python-multipart" to be installed. 
You can install "python-multipart" with: 

pip install python-multipart

